Archive member included to satisfy reference by file (symbol)

c:/st/stm32cubeide_1.7.0/stm32cubeide/plugins/com.st.stm32cube.ide.mcu.externaltools.gnu-tools-for-stm32.9-2020-q2-update.win32_2.0.0.202105311346/tools/bin/../lib/gcc/arm-none-eabi/9.3.1/../../../../arm-none-eabi/lib/thumb/v7-m/nofp\libc_nano.a(lib_a-errno.o)
                              ./Core/Src/sysmem.o (__errno)
c:/st/stm32cubeide_1.7.0/stm32cubeide/plugins/com.st.stm32cube.ide.mcu.externaltools.gnu-tools-for-stm32.9-2020-q2-update.win32_2.0.0.202105311346/tools/bin/../lib/gcc/arm-none-eabi/9.3.1/../../../../arm-none-eabi/lib/thumb/v7-m/nofp\libc_nano.a(lib_a-exit.o)
                              c:/st/stm32cubeide_1.7.0/stm32cubeide/plugins/com.st.stm32cube.ide.mcu.externaltools.gnu-tools-for-stm32.9-2020-q2-update.win32_2.0.0.202105311346/tools/bin/../lib/gcc/arm-none-eabi/9.3.1/../../../../arm-none-eabi/lib/thumb/v7-m/nofp/crt0.o (exit)
c:/st/stm32cubeide_1.7.0/stm32cubeide/plugins/com.st.stm32cube.ide.mcu.externaltools.gnu-tools-for-stm32.9-2020-q2-update.win32_2.0.0.202105311346/tools/bin/../lib/gcc/arm-none-eabi/9.3.1/../../../../arm-none-eabi/lib/thumb/v7-m/nofp\libc_nano.a(lib_a-impure.o)
                              c:/st/stm32cubeide_1.7.0/stm32cubeide/plugins/com.st.stm32cube.ide.mcu.externaltools.gnu-tools-for-stm32.9-2020-q2-update.win32_2.0.0.202105311346/tools/bin/../lib/gcc/arm-none-eabi/9.3.1/../../../../arm-none-eabi/lib/thumb/v7-m/nofp\libc_nano.a(lib_a-exit.o) (_global_impure_ptr)
c:/st/stm32cubeide_1.7.0/stm32cubeide/plugins/com.st.stm32cube.ide.mcu.externaltools.gnu-tools-for-stm32.9-2020-q2-update.win32_2.0.0.202105311346/tools/bin/../lib/gcc/arm-none-eabi/9.3.1/../../../../arm-none-eabi/lib/thumb/v7-m/nofp\libc_nano.a(lib_a-init.o)
                              c:/st/stm32cubeide_1.7.0/stm32cubeide/plugins/com.st.stm32cube.ide.mcu.externaltools.gnu-tools-for-stm32.9-2020-q2-update.win32_2.0.0.202105311346/tools/bin/../lib/gcc/arm-none-eabi/9.3.1/../../../../arm-none-eabi/lib/thumb/v7-m/nofp/crt0.o (__libc_init_array)
c:/st/stm32cubeide_1.7.0/stm32cubeide/plugins/com.st.stm32cube.ide.mcu.externaltools.gnu-tools-for-stm32.9-2020-q2-update.win32_2.0.0.202105311346/tools/bin/../lib/gcc/arm-none-eabi/9.3.1/../../../../arm-none-eabi/lib/thumb/v7-m/nofp\libc_nano.a(lib_a-memset.o)
                              c:/st/stm32cubeide_1.7.0/stm32cubeide/plugins/com.st.stm32cube.ide.mcu.externaltools.gnu-tools-for-stm32.9-2020-q2-update.win32_2.0.0.202105311346/tools/bin/../lib/gcc/arm-none-eabi/9.3.1/../../../../arm-none-eabi/lib/thumb/v7-m/nofp/crt0.o (memset)
c:/st/stm32cubeide_1.7.0/stm32cubeide/plugins/com.st.stm32cube.ide.mcu.externaltools.gnu-tools-for-stm32.9-2020-q2-update.win32_2.0.0.202105311346/tools/bin/../lib/gcc/arm-none-eabi/9.3.1/../../../../arm-none-eabi/lib/thumb/v7-m/nofp\libnosys.a(_exit.o)
                              c:/st/stm32cubeide_1.7.0/stm32cubeide/plugins/com.st.stm32cube.ide.mcu.externaltools.gnu-tools-for-stm32.9-2020-q2-update.win32_2.0.0.202105311346/tools/bin/../lib/gcc/arm-none-eabi/9.3.1/../../../../arm-none-eabi/lib/thumb/v7-m/nofp\libc_nano.a(lib_a-exit.o) (_exit)

Allocating common symbols
Common symbol       size              file

hcan                0x28              ./Core/Src/can.o
uwTick              0x4               ./Drivers/STM32F1xx_HAL_Driver/stm32f1xx_hal.o
pFlash              0x20              ./Drivers/STM32F1xx_HAL_Driver/stm32f1xx_hal_flash.o

Discarded input sections

 .text          0x0000000000000000        0x0 c:/st/stm32cubeide_1.7.0/stm32cubeide/plugins/com.st.stm32cube.ide.mcu.externaltools.gnu-tools-for-stm32.9-2020-q2-update.win32_2.0.0.202105311346/tools/bin/../lib/gcc/arm-none-eabi/9.3.1/thumb/v7-m/nofp/crti.o
 .data          0x0000000000000000        0x0 c:/st/stm32cubeide_1.7.0/stm32cubeide/plugins/com.st.stm32cube.ide.mcu.externaltools.gnu-tools-for-stm32.9-2020-q2-update.win32_2.0.0.202105311346/tools/bin/../lib/gcc/arm-none-eabi/9.3.1/thumb/v7-m/nofp/crti.o
 .bss           0x0000000000000000        0x0 c:/st/stm32cubeide_1.7.0/stm32cubeide/plugins/com.st.stm32cube.ide.mcu.externaltools.gnu-tools-for-stm32.9-2020-q2-update.win32_2.0.0.202105311346/tools/bin/../lib/gcc/arm-none-eabi/9.3.1/thumb/v7-m/nofp/crti.o
 .data          0x0000000000000000        0x4 c:/st/stm32cubeide_1.7.0/stm32cubeide/plugins/com.st.stm32cube.ide.mcu.externaltools.gnu-tools-for-stm32.9-2020-q2-update.win32_2.0.0.202105311346/tools/bin/../lib/gcc/arm-none-eabi/9.3.1/thumb/v7-m/nofp/crtbegin.o
 .text          0x0000000000000000       0x7c c:/st/stm32cubeide_1.7.0/stm32cubeide/plugins/com.st.stm32cube.ide.mcu.externaltools.gnu-tools-for-stm32.9-2020-q2-update.win32_2.0.0.202105311346/tools/bin/../lib/gcc/arm-none-eabi/9.3.1/../../../../arm-none-eabi/lib/thumb/v7-m/nofp/crt0.o
[...]
Memory Configuration

Name             Origin             Length             Attributes
RAM              0x0000000020000000 0x0000000000005000 xrw
FLASH            0x0000000008000000 0x0000000000020000 xr
*default*        0x0000000000000000 0xffffffffffffffff

Linker script and memory map

LOAD c:/st/stm32cubeide_1.7.0/stm32cubeide/plugins/com.st.stm32cube.ide.mcu.externaltools.gnu-tools-for-stm32.9-2020-q2-update.win32_2.0.0.202105311346/tools/bin/../lib/gcc/arm-none-eabi/9.3.1/thumb/v7-m/nofp/crti.o
LOAD c:/st/stm32cubeide_1.7.0/stm32cubeide/plugins/com.st.stm32cube.ide.mcu.externaltools.gnu-tools-for-stm32.9-2020-q2-update.win32_2.0.0.202105311346/tools/bin/../lib/gcc/arm-none-eabi/9.3.1/thumb/v7-m/nofp/crtbegin.o
LOAD c:/st/stm32cubeide_1.7.0/stm32cubeide/plugins/com.st.stm32cube.ide.mcu.externaltools.gnu-tools-for-stm32.9-2020-q2-update.win32_2.0.0.202105311346/tools/bin/../lib/gcc/arm-none-eabi/9.3.1/../../../../arm-none-eabi/lib/thumb/v7-m/nofp/crt0.o
LOAD ./Core/App/Thread.o
LOAD ./Core/Src/can.o
LOAD ./Core/Src/gpio.o
LOAD ./Core/Src/main.o
LOAD ./Core/Src/stm32f1xx_hal_msp.o
LOAD ./Core/Src/stm32f1xx_it.o
LOAD ./Core/Src/sysmem.o
LOAD ./Core/Src/system_stm32f1xx.o
LOAD ./Core/Startup/startup_stm32f103cbtx.o
LOAD ./Drivers/STM32F1xx_HAL_Driver/stm32f1xx_hal.o
LOAD ./Drivers/STM32F1xx_HAL_Driver/stm32f1xx_hal_can.o
LOAD ./Drivers/STM32F1xx_HAL_Driver/stm32f1xx_hal_cortex.o
LOAD ./Drivers/STM32F1xx_HAL_Driver/stm32f1xx_hal_dma.o
LOAD ./Drivers/STM32F1xx_HAL_Driver/stm32f1xx_hal_exti.o
LOAD ./Drivers/STM32F1xx_HAL_Driver/stm32f1xx_hal_flash.o
LOAD ./Drivers/STM32F1xx_HAL_Driver/stm32f1xx_hal_flash_ex.o
LOAD ./Drivers/STM32F1xx_HAL_Driver/stm32f1xx_hal_gpio.o
LOAD ./Drivers/STM32F1xx_HAL_Driver/stm32f1xx_hal_gpio_ex.o
LOAD ./Drivers/STM32F1xx_HAL_Driver/stm32f1xx_hal_pwr.o
LOAD ./Drivers/STM32F1xx_HAL_Driver/stm32f1xx_hal_rcc.o
LOAD ./Drivers/STM32F1xx_HAL_Driver/stm32f1xx_hal_rcc_ex.o
LOAD ./Drivers/STM32F1xx_HAL_Driver/stm32f1xx_hal_tim.o
LOAD ./Drivers/STM32F1xx_HAL_Driver/stm32f1xx_hal_tim_ex.o
START GROUP
LOAD c:/st/stm32cubeide_1.7.0/stm32cubeide/plugins/com.st.stm32cube.ide.mcu.externaltools.gnu-tools-for-stm32.9-2020-q2-update.win32_2.0.0.202105311346/tools/bin/../lib/gcc/arm-none-eabi/9.3.1/../../../../arm-none-eabi/lib/thumb/v7-m/nofp\libstdc++_nano.a
LOAD c:/st/stm32cubeide_1.7.0/stm32cubeide/plugins/com.st.stm32cube.ide.mcu.externaltools.gnu-tools-for-stm32.9-2020-q2-update.win32_2.0.0.202105311346/tools/bin/../lib/gcc/arm-none-eabi/9.3.1/../../../../arm-none-eabi/lib/thumb/v7-m/nofp\libsupc++_nano.a
END GROUP
LOAD c:/st/stm32cubeide_1.7.0/stm32cubeide/plugins/com.st.stm32cube.ide.mcu.externaltools.gnu-tools-for-stm32.9-2020-q2-update.win32_2.0.0.202105311346/tools/bin/../lib/gcc/arm-none-eabi/9.3.1/../../../../arm-none-eabi/lib/thumb/v7-m/nofp\libstdc++_nano.a
LOAD c:/st/stm32cubeide_1.7.0/stm32cubeide/plugins/com.st.stm32cube.ide.mcu.externaltools.gnu-tools-for-stm32.9-2020-q2-update.win32_2.0.0.202105311346/tools/bin/../lib/gcc/arm-none-eabi/9.3.1/../../../../arm-none-eabi/lib/thumb/v7-m/nofp\libm.a
LOAD c:/st/stm32cubeide_1.7.0/stm32cubeide/plugins/com.st.stm32cube.ide.mcu.externaltools.gnu-tools-for-stm32.9-2020-q2-update.win32_2.0.0.202105311346/tools/bin/../lib/gcc/arm-none-eabi/9.3.1/../../../../arm-none-eabi/lib/thumb/v7-m/nofp\libc_nano.a
START GROUP
LOAD c:/st/stm32cubeide_1.7.0/stm32cubeide/plugins/com.st.stm32cube.ide.mcu.externaltools.gnu-tools-for-stm32.9-2020-q2-update.win32_2.0.0.202105311346/tools/bin/../lib/gcc/arm-none-eabi/9.3.1/thumb/v7-m/nofp\libgcc.a
LOAD c:/st/stm32cubeide_1.7.0/stm32cubeide/plugins/com.st.stm32cube.ide.mcu.externaltools.gnu-tools-for-stm32.9-2020-q2-update.win32_2.0.0.202105311346/tools/bin/../lib/gcc/arm-none-eabi/9.3.1/../../../../arm-none-eabi/lib/thumb/v7-m/nofp\libc_nano.a
END GROUP
START GROUP
LOAD c:/st/stm32cubeide_1.7.0/stm32cubeide/plugins/com.st.stm32cube.ide.mcu.externaltools.gnu-tools-for-stm32.9-2020-q2-update.win32_2.0.0.202105311346/tools/bin/../lib/gcc/arm-none-eabi/9.3.1/thumb/v7-m/nofp\libgcc.a
LOAD c:/st/stm32cubeide_1.7.0/stm32cubeide/plugins/com.st.stm32cube.ide.mcu.externaltools.gnu-tools-for-stm32.9-2020-q2-update.win32_2.0.0.202105311346/tools/bin/../lib/gcc/arm-none-eabi/9.3.1/../../../../arm-none-eabi/lib/thumb/v7-m/nofp\libc_nano.a
LOAD c:/st/stm32cubeide_1.7.0/stm32cubeide/plugins/com.st.stm32cube.ide.mcu.externaltools.gnu-tools-for-stm32.9-2020-q2-update.win32_2.0.0.202105311346/tools/bin/../lib/gcc/arm-none-eabi/9.3.1/../../../../arm-none-eabi/lib/thumb/v7-m/nofp\libnosys.a
END GROUP
START GROUP
LOAD c:/st/stm32cubeide_1.7.0/stm32cubeide/plugins/com.st.stm32cube.ide.mcu.externaltools.gnu-tools-for-stm32.9-2020-q2-update.win32_2.0.0.202105311346/tools/bin/../lib/gcc/arm-none-eabi/9.3.1/thumb/v7-m/nofp\libgcc.a
LOAD c:/st/stm32cubeide_1.7.0/stm32cubeide/plugins/com.st.stm32cube.ide.mcu.externaltools.gnu-tools-for-stm32.9-2020-q2-update.win32_2.0.0.202105311346/tools/bin/../lib/gcc/arm-none-eabi/9.3.1/../../../../arm-none-eabi/lib/thumb/v7-m/nofp\libc_nano.a
LOAD c:/st/stm32cubeide_1.7.0/stm32cubeide/plugins/com.st.stm32cube.ide.mcu.externaltools.gnu-tools-for-stm32.9-2020-q2-update.win32_2.0.0.202105311346/tools/bin/../lib/gcc/arm-none-eabi/9.3.1/../../../../arm-none-eabi/lib/thumb/v7-m/nofp\libnosys.a
END GROUP
LOAD c:/st/stm32cubeide_1.7.0/stm32cubeide/plugins/com.st.stm32cube.ide.mcu.externaltools.gnu-tools-for-stm32.9-2020-q2-update.win32_2.0.0.202105311346/tools/bin/../lib/gcc/arm-none-eabi/9.3.1/thumb/v7-m/nofp/crtend.o
LOAD c:/st/stm32cubeide_1.7.0/stm32cubeide/plugins/com.st.stm32cube.ide.mcu.externaltools.gnu-tools-for-stm32.9-2020-q2-update.win32_2.0.0.202105311346/tools/bin/../lib/gcc/arm-none-eabi/9.3.1/thumb/v7-m/nofp/crtn.o
                0x0000000020005000                _estack = (ORIGIN (RAM) + LENGTH (RAM))
                0x0000000000000200                _Min_Heap_Size = 0x200
                0x0000000000000400                _Min_Stack_Size = 0x400

.isr_vector     0x0000000008000000      0x10c
                0x0000000008000000                . = ALIGN (0x4)
 *(.isr_vector)
 .isr_vector    0x0000000008000000      0x10c ./Core/Startup/startup_stm32f103cbtx.o
                0x0000000008000000                g_pfnVectors
                0x000000000800010c                . = ALIGN (0x4)

.text           0x000000000800010c     0x1754
                0x000000000800010c                . = ALIGN (0x4)
 *(.text)
 .text          0x000000000800010c       0x40 c:/st/stm32cubeide_1.7.0/stm32cubeide/plugins/com.st.stm32cube.ide.mcu.externaltools.gnu-tools-for-stm32.9-2020-q2-update.win32_2.0.0.202105311346/tools/bin/../lib/gcc/arm-none-eabi/9.3.1/thumb/v7-m/nofp/crtbegin.o
 *(.text*)
 .text.StartDefaultTask
                0x000000000800014c       0xc4 ./Core/App/Thread.o
                0x000000000800014c                StartDefaultTask
 .text._ZN6SqlistIiLi100EEC2Ev
                0x0000000008000210       0x26 ./Core/App/Thread.o
                0x0000000008000210                Sqlist<int, 100>::Sqlist()
                0x0000000008000210                Sqlist<int, 100>::Sqlist()
 .text._ZN6SqlistIiLi100EE6InsertERii
                0x0000000008000236       0x86 ./Core/App/Thread.o
                0x0000000008000236                Sqlist<int, 100>::Insert(int&, int)
 .text._ZN6SqlistIiLi100EEixEi
                0x00000000080002bc       0x48 ./Core/App/Thread.o
                0x00000000080002bc                Sqlist<int, 100>::operator[](int)
 .text._ZN6SqlistIiLi100EE4IsInERi
                0x0000000008000304       0x4e ./Core/App/Thread.o
                0x0000000008000304                Sqlist<int, 100>::IsIn(int&)
 .text._ZN6SqlistIiLi100EE7IsEmptyEv
                0x0000000008000352       0x24 ./Core/App/Thread.o
                0x0000000008000352                Sqlist<int, 100>::IsEmpty()
 .text._ZN6SqlistIiLi100EE6IsFullEv
                0x0000000008000376       0x2a ./Core/App/Thread.o
                0x0000000008000376                Sqlist<int, 100>::IsFull()
 .text.MX_GPIO_Init
                0x00000000080003a0       0x98 ./Core/Src/gpio.o
                0x00000000080003a0                MX_GPIO_Init
 .text.main     0x0000000008000438       0x18 ./Core/Src/main.o
                0x0000000008000438                main
 .text.SystemClock_Config
                0x0000000008000450       0x8a ./Core/Src/main.o
                0x0000000008000450                SystemClock_Config
 .text.Error_Handler
                0x00000000080004da        0xa ./Core/Src/main.o
                0x00000000080004da                Error_Handler
 .text.HAL_MspInit
                0x00000000080004e4       0x64 ./Core/Src/stm32f1xx_hal_msp.o
                0x00000000080004e4                HAL_MspInit
 .text.NMI_Handler
                0x0000000008000548        0x6 ./Core/Src/stm32f1xx_it.o
                0x0000000008000548                NMI_Handler
 .text.HardFault_Handler
                0x000000000800054e        0x6 ./Core/Src/stm32f1xx_it.o
                0x000000000800054e                HardFault_Handler
 .text.MemManage_Handler
                0x0000000008000554        0x6 ./Core/Src/stm32f1xx_it.o
                0x0000000008000554                MemManage_Handler
 .text.BusFault_Handler
                0x000000000800055a        0x6 ./Core/Src/stm32f1xx_it.o
                0x000000000800055a                BusFault_Handler
 .text.UsageFault_Handler
                0x0000000008000560        0x6 ./Core/Src/stm32f1xx_it.o
                0x0000000008000560                UsageFault_Handler
 .text.SVC_Handler
                0x0000000008000566        0xc ./Core/Src/stm32f1xx_it.o
                0x0000000008000566                SVC_Handler
 .text.DebugMon_Handler
                0x0000000008000572        0xc ./Core/Src/stm32f1xx_it.o
                0x0000000008000572                DebugMon_Handler
 .text.PendSV_Handler
                0x000000000800057e        0xc ./Core/Src/stm32f1xx_it.o
                0x000000000800057e                PendSV_Handler
 .text.SysTick_Handler
                0x000000000800058a        0xc ./Core/Src/stm32f1xx_it.o
                0x000000000800058a                SysTick_Handler
 *fill*         0x0000000008000596        0x2 
 .text.USB_LP_CAN1_RX0_IRQHandler
                0x0000000008000598       0x14 ./Core/Src/stm32f1xx_it.o
                0x0000000008000598                USB_LP_CAN1_RX0_IRQHandler
 .text.SystemInit
                0x00000000080005ac        0xc ./Core/Src/system_stm32f1xx.o
                0x00000000080005ac                SystemInit
 .text.Reset_Handler
                0x00000000080005b8       0x48 ./Core/Startup/startup_stm32f103cbtx.o
                0x00000000080005b8                Reset_Handler
 .text.Default_Handler
                0x0000000008000600        0x2 ./Core/Startup/startup_stm32f103cbtx.o
                0x0000000008000600                RTC_Alarm_IRQHandler
                0x0000000008000600                EXTI2_IRQHandler
                0x0000000008000600                TIM1_CC_IRQHandler
                0x0000000008000600                PVD_IRQHandler
                0x0000000008000600                EXTI3_IRQHandler
                0x0000000008000600                EXTI0_IRQHandler
                0x0000000008000600                I2C2_EV_IRQHandler
                0x0000000008000600                ADC1_2_IRQHandler
                0x0000000008000600                SPI1_IRQHandler
                0x0000000008000600                TAMPER_IRQHandler
                0x0000000008000600                DMA1_Channel4_IRQHandler
                0x0000000008000600                USART3_IRQHandler
                0x0000000008000600                RTC_IRQHandler
                0x0000000008000600                DMA1_Channel7_IRQHandler
                0x0000000008000600                CAN1_RX1_IRQHandler
                0x0000000008000600                TIM4_IRQHandler
                0x0000000008000600                I2C1_EV_IRQHandler
                0x0000000008000600                DMA1_Channel6_IRQHandler
                0x0000000008000600                TIM3_IRQHandler
                0x0000000008000600                RCC_IRQHandler
                0x0000000008000600                TIM1_TRG_COM_IRQHandler
                0x0000000008000600                DMA1_Channel1_IRQHandler
                0x0000000008000600                Default_Handler
                0x0000000008000600                EXTI15_10_IRQHandler
                0x0000000008000600                EXTI9_5_IRQHandler
                0x0000000008000600                SPI2_IRQHandler
                0x0000000008000600                DMA1_Channel5_IRQHandler
                0x0000000008000600                EXTI4_IRQHandler
                0x0000000008000600                USB_HP_CAN1_TX_IRQHandler
                0x0000000008000600                DMA1_Channel3_IRQHandler
                0x0000000008000600                TIM1_UP_IRQHandler
                0x0000000008000600                WWDG_IRQHandler
                0x0000000008000600                TIM2_IRQHandler
                0x0000000008000600                TIM1_BRK_IRQHandler
                0x0000000008000600                EXTI1_IRQHandler
                0x0000000008000600                USART2_IRQHandler
                0x0000000008000600                I2C2_ER_IRQHandler
                0x0000000008000600                DMA1_Channel2_IRQHandler
                0x0000000008000600                CAN1_SCE_IRQHandler
                0x0000000008000600                FLASH_IRQHandler
                0x0000000008000600                USART1_IRQHandler
                0x0000000008000600                I2C1_ER_IRQHandler
                0x0000000008000600                USBWakeUp_IRQHandler
 *fill*         0x0000000008000602        0x2 
 .text.HAL_Init
                0x0000000008000604       0x2c ./Drivers/STM32F1xx_HAL_Driver/stm32f1xx_hal.o
                0x0000000008000604                HAL_Init
 .text.HAL_InitTick
                0x0000000008000630       0x60 ./Drivers/STM32F1xx_HAL_Driver/stm32f1xx_hal.o
                0x0000000008000630                HAL_InitTick
 .text.HAL_IncTick
                0x0000000008000690       0x24 ./Drivers/STM32F1xx_HAL_Driver/stm32f1xx_hal.o
                0x0000000008000690                HAL_IncTick
 .text.HAL_GetTick
                0x00000000080006b4       0x14 ./Drivers/STM32F1xx_HAL_Driver/stm32f1xx_hal.o
                0x00000000080006b4                HAL_GetTick
 .text.HAL_CAN_IRQHandler
                0x00000000080006c8      0x36e ./Drivers/STM32F1xx_HAL_Driver/stm32f1xx_hal_can.o
                0x00000000080006c8                HAL_CAN_IRQHandler
 .text.HAL_CAN_TxMailbox0CompleteCallback
                0x0000000008000a36       0x12 ./Drivers/STM32F1xx_HAL_Driver/stm32f1xx_hal_can.o
                0x0000000008000a36                HAL_CAN_TxMailbox0CompleteCallback
 .text.HAL_CAN_TxMailbox1CompleteCallback
                0x0000000008000a48       0x12 ./Drivers/STM32F1xx_HAL_Driver/stm32f1xx_hal_can.o
                0x0000000008000a48                HAL_CAN_TxMailbox1CompleteCallback
 .text.HAL_CAN_TxMailbox2CompleteCallback
                0x0000000008000a5a       0x12 ./Drivers/STM32F1xx_HAL_Driver/stm32f1xx_hal_can.o
                0x0000000008000a5a                HAL_CAN_TxMailbox2CompleteCallback
 .text.HAL_CAN_TxMailbox0AbortCallback
                0x0000000008000a6c       0x12 ./Drivers/STM32F1xx_HAL_Driver/stm32f1xx_hal_can.o
                0x0000000008000a6c                HAL_CAN_TxMailbox0AbortCallback
 .text.HAL_CAN_TxMailbox1AbortCallback
                0x0000000008000a7e       0x12 ./Drivers/STM32F1xx_HAL_Driver/stm32f1xx_hal_can.o
                0x0000000008000a7e                HAL_CAN_TxMailbox1AbortCallback
 .text.HAL_CAN_TxMailbox2AbortCallback
                0x0000000008000a90       0x12 ./Drivers/STM32F1xx_HAL_Driver/stm32f1xx_hal_can.o
                0x0000000008000a90                HAL_CAN_TxMailbox2AbortCallback
 .text.HAL_CAN_RxFifo0MsgPendingCallback
                0x0000000008000aa2       0x12 ./Drivers/STM32F1xx_HAL_Driver/stm32f1xx_hal_can.o
                0x0000000008000aa2                HAL_CAN_RxFifo0MsgPendingCallback
 .text.HAL_CAN_RxFifo0FullCallback
                0x0000000008000ab4       0x12 ./Drivers/STM32F1xx_HAL_Driver/stm32f1xx_hal_can.o
                0x0000000008000ab4                HAL_CAN_RxFifo0FullCallback
 .text.HAL_CAN_RxFifo1MsgPendingCallback
                0x0000000008000ac6       0x12 ./Drivers/STM32F1xx_HAL_Driver/stm32f1xx_hal_can.o
                0x0000000008000ac6                HAL_CAN_RxFifo1MsgPendingCallback
 .text.HAL_CAN_RxFifo1FullCallback
                0x0000000008000ad8       0x12 ./Drivers/STM32F1xx_HAL_Driver/stm32f1xx_hal_can.o
                0x0000000008000ad8                HAL_CAN_RxFifo1FullCallback
 .text.HAL_CAN_SleepCallback
                0x0000000008000aea       0x12 ./Drivers/STM32F1xx_HAL_Driver/stm32f1xx_hal_can.o
                0x0000000008000aea                HAL_CAN_SleepCallback
 .text.HAL_CAN_WakeUpFromRxMsgCallback
                0x0000000008000afc       0x12 ./Drivers/STM32F1xx_HAL_Driver/stm32f1xx_hal_can.o
                0x0000000008000afc                HAL_CAN_WakeUpFromRxMsgCallback
 .text.HAL_CAN_ErrorCallback
                0x0000000008000b0e       0x12 ./Drivers/STM32F1xx_HAL_Driver/stm32f1xx_hal_can.o
                0x0000000008000b0e                HAL_CAN_ErrorCallback
 .text.__NVIC_SetPriorityGrouping
                0x0000000008000b20       0x48 ./Drivers/STM32F1xx_HAL_Driver/stm32f1xx_hal_cortex.o
 .text.__NVIC_GetPriorityGrouping
                0x0000000008000b68       0x1c ./Drivers/STM32F1xx_HAL_Driver/stm32f1xx_hal_cortex.o
 .text.__NVIC_SetPriority
                0x0000000008000b84       0x54 ./Drivers/STM32F1xx_HAL_Driver/stm32f1xx_hal_cortex.o
 .text.NVIC_EncodePriority
                0x0000000008000bd8       0x64 ./Drivers/STM32F1xx_HAL_Driver/stm32f1xx_hal_cortex.o
 .text.SysTick_Config
                0x0000000008000c3c       0x44 ./Drivers/STM32F1xx_HAL_Driver/stm32f1xx_hal_cortex.o
 .text.HAL_NVIC_SetPriorityGrouping
                0x0000000008000c80       0x16 ./Drivers/STM32F1xx_HAL_Driver/stm32f1xx_hal_cortex.o
                0x0000000008000c80                HAL_NVIC_SetPriorityGrouping
 .text.HAL_NVIC_SetPriority
                0x0000000008000c96       0x38 ./Drivers/STM32F1xx_HAL_Driver/stm32f1xx_hal_cortex.o
                0x0000000008000c96                HAL_NVIC_SetPriority
 .text.HAL_SYSTICK_Config
                0x0000000008000cce       0x18 ./Drivers/STM32F1xx_HAL_Driver/stm32f1xx_hal_cortex.o
                0x0000000008000cce                HAL_SYSTICK_Config
 *fill*         0x0000000008000ce6        0x2 
 .text.HAL_GPIO_Init
                0x0000000008000ce8      0x308 ./Drivers/STM32F1xx_HAL_Driver/stm32f1xx_hal_gpio.o
                0x0000000008000ce8                HAL_GPIO_Init
 .text.HAL_GPIO_WritePin
                0x0000000008000ff0       0x30 ./Drivers/STM32F1xx_HAL_Driver/stm32f1xx_hal_gpio.o
                0x0000000008000ff0                HAL_GPIO_WritePin
 .text.HAL_RCC_OscConfig
                0x0000000008001020      0x500 ./Drivers/STM32F1xx_HAL_Driver/stm32f1xx_hal_rcc.o
                0x0000000008001020                HAL_RCC_OscConfig
 .text.HAL_RCC_ClockConfig
                0x0000000008001520      0x1d4 ./Drivers/STM32F1xx_HAL_Driver/stm32f1xx_hal_rcc.o
                0x0000000008001520                HAL_RCC_ClockConfig
 .text.HAL_RCC_GetSysClockFreq
                0x00000000080016f4       0xc0 ./Drivers/STM32F1xx_HAL_Driver/stm32f1xx_hal_rcc.o
                0x00000000080016f4                HAL_RCC_GetSysClockFreq
 .text.RCC_Delay
                0x00000000080017b4       0x3c ./Drivers/STM32F1xx_HAL_Driver/stm32f1xx_hal_rcc.o
 .text.__libc_init_array
                0x00000000080017f0       0x48 c:/st/stm32cubeide_1.7.0/stm32cubeide/plugins/com.st.stm32cube.ide.mcu.externaltools.gnu-tools-for-stm32.9-2020-q2-update.win32_2.0.0.202105311346/tools/bin/../lib/gcc/arm-none-eabi/9.3.1/../../../../arm-none-eabi/lib/thumb/v7-m/nofp\libc_nano.a(lib_a-init.o)
                0x00000000080017f0                __libc_init_array
 .text.memset   0x0000000008001838       0x10 c:/st/stm32cubeide_1.7.0/stm32cubeide/plugins/com.st.stm32cube.ide.mcu.externaltools.gnu-tools-for-stm32.9-2020-q2-update.win32_2.0.0.202105311346/tools/bin/../lib/gcc/arm-none-eabi/9.3.1/../../../../arm-none-eabi/lib/thumb/v7-m/nofp\libc_nano.a(lib_a-memset.o)
                0x0000000008001838                memset
 *(.glue_7)
 .glue_7        0x0000000008001848        0x0 linker stubs
 *(.glue_7t)
 .glue_7t       0x0000000008001848        0x0 linker stubs
 *(.eh_frame)
 .eh_frame      0x0000000008001848        0x0 c:/st/stm32cubeide_1.7.0/stm32cubeide/plugins/com.st.stm32cube.ide.mcu.externaltools.gnu-tools-for-stm32.9-2020-q2-update.win32_2.0.0.202105311346/tools/bin/../lib/gcc/arm-none-eabi/9.3.1/thumb/v7-m/nofp/crtbegin.o
 *(.init)
 .init          0x0000000008001848        0x4 c:/st/stm32cubeide_1.7.0/stm32cubeide/plugins/com.st.stm32cube.ide.mcu.externaltools.gnu-tools-for-stm32.9-2020-q2-update.win32_2.0.0.202105311346/tools/bin/../lib/gcc/arm-none-eabi/9.3.1/thumb/v7-m/nofp/crti.o
                0x0000000008001848                _init
 .init          0x000000000800184c        0x8 c:/st/stm32cubeide_1.7.0/stm32cubeide/plugins/com.st.stm32cube.ide.mcu.externaltools.gnu-tools-for-stm32.9-2020-q2-update.win32_2.0.0.202105311346/tools/bin/../lib/gcc/arm-none-eabi/9.3.1/thumb/v7-m/nofp/crtn.o
 *(.fini)
 .fini          0x0000000008001854        0x4 c:/st/stm32cubeide_1.7.0/stm32cubeide/plugins/com.st.stm32cube.ide.mcu.externaltools.gnu-tools-for-stm32.9-2020-q2-update.win32_2.0.0.202105311346/tools/bin/../lib/gcc/arm-none-eabi/9.3.1/thumb/v7-m/nofp/crti.o
                0x0000000008001854                _fini
 .fini          0x0000000008001858        0x8 c:/st/stm32cubeide_1.7.0/stm32cubeide/plugins/com.st.stm32cube.ide.mcu.externaltools.gnu-tools-for-stm32.9-2020-q2-update.win32_2.0.0.202105311346/tools/bin/../lib/gcc/arm-none-eabi/9.3.1/thumb/v7-m/nofp/crtn.o
                0x0000000008001860                . = ALIGN (0x4)
                0x0000000008001860                _etext = .

.vfp11_veneer   0x0000000008001860        0x0
 .vfp11_veneer  0x0000000008001860        0x0 linker stubs

.v4_bx          0x0000000008001860        0x0
 .v4_bx         0x0000000008001860        0x0 linker stubs

.iplt           0x0000000008001860        0x0
 .iplt          0x0000000008001860        0x0 c:/st/stm32cubeide_1.7.0/stm32cubeide/plugins/com.st.stm32cube.ide.mcu.externaltools.gnu-tools-for-stm32.9-2020-q2-update.win32_2.0.0.202105311346/tools/bin/../lib/gcc/arm-none-eabi/9.3.1/thumb/v7-m/nofp/crtbegin.o

.rodata         0x0000000008001860       0x48
                0x0000000008001860                . = ALIGN (0x4)
 *(.rodata)
 .rodata        0x0000000008001860       0x28 ./Core/App/Thread.o
 .rodata        0x0000000008001888       0x10 ./Drivers/STM32F1xx_HAL_Driver/stm32f1xx_hal_rcc.o
 *(.rodata*)
 .rodata.AHBPrescTable
                0x0000000008001898       0x10 ./Core/Src/system_stm32f1xx.o
                0x0000000008001898                AHBPrescTable
                0x00000000080018a8                . = ALIGN (0x4)

.rel.dyn        0x00000000080018a8        0x0
 .rel.iplt      0x00000000080018a8        0x0 c:/st/stm32cubeide_1.7.0/stm32cubeide/plugins/com.st.stm32cube.ide.mcu.externaltools.gnu-tools-for-stm32.9-2020-q2-update.win32_2.0.0.202105311346/tools/bin/../lib/gcc/arm-none-eabi/9.3.1/thumb/v7-m/nofp/crtbegin.o

.ARM.extab      0x00000000080018a8        0x0
                0x00000000080018a8                . = ALIGN (0x4)
 *(.ARM.extab* .gnu.linkonce.armextab.*)
                0x00000000080018a8                . = ALIGN (0x4)

.ARM            0x00000000080018a8        0x0
                0x00000000080018a8                . = ALIGN (0x4)
                0x00000000080018a8                __exidx_start = .
 *(.ARM.exidx*)
                0x00000000080018a8                __exidx_end = .
                0x00000000080018a8                . = ALIGN (0x4)

.preinit_array  0x00000000080018a8        0x0
                0x00000000080018a8                . = ALIGN (0x4)
                0x00000000080018a8                PROVIDE (__preinit_array_start = .)
 *(.preinit_array*)
                0x00000000080018a8                PROVIDE (__preinit_array_end = .)
                0x00000000080018a8                . = ALIGN (0x4)

.init_array     0x00000000080018a8        0x4
                0x00000000080018a8                . = ALIGN (0x4)
                0x00000000080018a8                PROVIDE (__init_array_start = .)
 *(SORT_BY_NAME(.init_array.*))
 *(.init_array*)
 .init_array    0x00000000080018a8        0x4 c:/st/stm32cubeide_1.7.0/stm32cubeide/plugins/com.st.stm32cube.ide.mcu.externaltools.gnu-tools-for-stm32.9-2020-q2-update.win32_2.0.0.202105311346/tools/bin/../lib/gcc/arm-none-eabi/9.3.1/thumb/v7-m/nofp/crtbegin.o
                0x00000000080018ac                PROVIDE (__init_array_end = .)
                0x00000000080018ac                . = ALIGN (0x4)

.fini_array     0x00000000080018ac        0x4
                0x00000000080018ac                . = ALIGN (0x4)
                [!provide]                        PROVIDE (__fini_array_start = .)
 *(SORT_BY_NAME(.fini_array.*))
 *(.fini_array*)
 .fini_array    0x00000000080018ac        0x4 c:/st/stm32cubeide_1.7.0/stm32cubeide/plugins/com.st.stm32cube.ide.mcu.externaltools.gnu-tools-for-stm32.9-2020-q2-update.win32_2.0.0.202105311346/tools/bin/../lib/gcc/arm-none-eabi/9.3.1/thumb/v7-m/nofp/crtbegin.o
                [!provide]                        PROVIDE (__fini_array_end = .)
                0x00000000080018b0                . = ALIGN (0x4)
                0x00000000080018b0                _sidata = LOADADDR (.data)

.data           0x0000000020000000        0xc load address 0x00000000080018b0
                0x0000000020000000                . = ALIGN (0x4)
                0x0000000020000000                _sdata = .
 *(.data)
 *(.data*)
 .data.SystemCoreClock
                0x0000000020000000        0x4 ./Core/Src/system_stm32f1xx.o
                0x0000000020000000                SystemCoreClock
 .data.uwTickPrio
                0x0000000020000004        0x4 ./Drivers/STM32F1xx_HAL_Driver/stm32f1xx_hal.o
                0x0000000020000004                uwTickPrio
 .data.uwTickFreq
                0x0000000020000008        0x1 ./Drivers/STM32F1xx_HAL_Driver/stm32f1xx_hal.o
                0x0000000020000008                uwTickFreq
 *(.RamFunc)
 *(.RamFunc*)
                0x000000002000000c                . = ALIGN (0x4)
 *fill*         0x0000000020000009        0x3 
                0x000000002000000c                _edata = .

.igot.plt       0x000000002000000c        0x0 load address 0x00000000080018bc
 .igot.plt      0x000000002000000c        0x0 c:/st/stm32cubeide_1.7.0/stm32cubeide/plugins/com.st.stm32cube.ide.mcu.externaltools.gnu-tools-for-stm32.9-2020-q2-update.win32_2.0.0.202105311346/tools/bin/../lib/gcc/arm-none-eabi/9.3.1/thumb/v7-m/nofp/crtbegin.o
                0x000000002000000c                . = ALIGN (0x4)

.bss            0x000000002000000c       0x48 load address 0x00000000080018bc
                0x000000002000000c                _sbss = .
                0x000000002000000c                __bss_start__ = _sbss
 *(.bss)
 .bss           0x000000002000000c       0x1c c:/st/stm32cubeide_1.7.0/stm32cubeide/plugins/com.st.stm32cube.ide.mcu.externaltools.gnu-tools-for-stm32.9-2020-q2-update.win32_2.0.0.202105311346/tools/bin/../lib/gcc/arm-none-eabi/9.3.1/thumb/v7-m/nofp/crtbegin.o
 *(.bss*)
 *(COMMON)
 COMMON         0x0000000020000028       0x28 ./Core/Src/can.o
                0x0000000020000028                hcan
 COMMON         0x0000000020000050        0x4 ./Drivers/STM32F1xx_HAL_Driver/stm32f1xx_hal.o
                0x0000000020000050                uwTick
                0x0000000020000054                . = ALIGN (0x4)
                0x0000000020000054                _ebss = .
                0x0000000020000054                __bss_end__ = _ebss

._user_heap_stack
                0x0000000020000054      0x604 load address 0x00000000080018bc
                0x0000000020000058                . = ALIGN (0x8)
 *fill*         0x0000000020000054        0x4 
                [!provide]                        PROVIDE (end = .)
                0x0000000020000058                PROVIDE (_end = .)
                0x0000000020000258                . = (. + _Min_Heap_Size)
 *fill*         0x0000000020000058      0x200 
                0x0000000020000658                . = (. + _Min_Stack_Size)
 *fill*         0x0000000020000258      0x400 
                0x0000000020000658                . = ALIGN (0x8)

/DISCARD/
 libc.a(*)
 libm.a(*)
 libgcc.a(*)

.ARM.attributes
                0x0000000000000000       0x29
 *(.ARM.attributes)
 .ARM.attributes
                0x0000000000000000       0x1d c:/st/stm32cubeide_1.7.0/stm32cubeide/plugins/com.st.stm32cube.ide.mcu.externaltools.gnu-tools-for-stm32.9-2020-q2-update.win32_2.0.0.202105311346/tools/bin/../lib/gcc/arm-none-eabi/9.3.1/thumb/v7-m/nofp/crti.o
 .ARM.attributes
                0x000000000000001d       0x2d c:/st/stm32cubeide_1.7.0/stm32cubeide/plugins/com.st.stm32cube.ide.mcu.externaltools.gnu-tools-for-stm32.9-2020-q2-update.win32_2.0.0.202105311346/tools/bin/../lib/gcc/arm-none-eabi/9.3.1/thumb/v7-m/nofp/crtbegin.o
 .ARM.attributes
                0x000000000000004a       0x2d ./Core/App/Thread.o
 .ARM.attributes
                0x0000000000000077       0x2d ./Core/Src/can.o
 .ARM.attributes
                0x00000000000000a4       0x2d ./Core/Src/gpio.o
 .ARM.attributes
                0x00000000000000d1       0x2d ./Core/Src/main.o
 .ARM.attributes
                0x00000000000000fe       0x2d ./Core/Src/stm32f1xx_hal_msp.o
 .ARM.attributes
                0x000000000000012b       0x2d ./Core/Src/stm32f1xx_it.o
 .ARM.attributes
                0x0000000000000158       0x2d ./Core/Src/system_stm32f1xx.o
 .ARM.attributes
                0x0000000000000185       0x21 ./Core/Startup/startup_stm32f103cbtx.o
 .ARM.attributes
                0x00000000000001a6       0x2d ./Drivers/STM32F1xx_HAL_Driver/stm32f1xx_hal.o
 .ARM.attributes
                0x00000000000001d3       0x2d ./Drivers/STM32F1xx_HAL_Driver/stm32f1xx_hal_can.o
 .ARM.attributes
                0x0000000000000200       0x2d ./Drivers/STM32F1xx_HAL_Driver/stm32f1xx_hal_cortex.o
 .ARM.attributes
                0x000000000000022d       0x2d ./Drivers/STM32F1xx_HAL_Driver/stm32f1xx_hal_gpio.o
 .ARM.attributes
                0x000000000000025a       0x2d ./Drivers/STM32F1xx_HAL_Driver/stm32f1xx_hal_rcc.o
 .ARM.attributes
                0x0000000000000287       0x2d c:/st/stm32cubeide_1.7.0/stm32cubeide/plugins/com.st.stm32cube.ide.mcu.externaltools.gnu-tools-for-stm32.9-2020-q2-update.win32_2.0.0.202105311346/tools/bin/../lib/gcc/arm-none-eabi/9.3.1/../../../../arm-none-eabi/lib/thumb/v7-m/nofp\libc_nano.a(lib_a-init.o)
 .ARM.attributes
                0x00000000000002b4       0x2d c:/st/stm32cubeide_1.7.0/stm32cubeide/plugins/com.st.stm32cube.ide.mcu.externaltools.gnu-tools-for-stm32.9-2020-q2-update.win32_2.0.0.202105311346/tools/bin/../lib/gcc/arm-none-eabi/9.3.1/../../../../arm-none-eabi/lib/thumb/v7-m/nofp\libc_nano.a(lib_a-memset.o)
 .ARM.attributes
                0x00000000000002e1       0x1d c:/st/stm32cubeide_1.7.0/stm32cubeide/plugins/com.st.stm32cube.ide.mcu.externaltools.gnu-tools-for-stm32.9-2020-q2-update.win32_2.0.0.202105311346/tools/bin/../lib/gcc/arm-none-eabi/9.3.1/thumb/v7-m/nofp/crtn.o
OUTPUT(test.elf elf32-littlearm)
LOAD linker stubs
LOAD c:/st/stm32cubeide_1.7.0/stm32cubeide/plugins/com.st.stm32cube.ide.mcu.externaltools.gnu-tools-for-stm32.9-2020-q2-update.win32_2.0.0.202105311346/tools/bin/../lib/gcc/arm-none-eabi/9.3.1/../../../../arm-none-eabi/lib/thumb/v7-m/nofp\libc.a
LOAD c:/st/stm32cubeide_1.7.0/stm32cubeide/plugins/com.st.stm32cube.ide.mcu.externaltools.gnu-tools-for-stm32.9-2020-q2-update.win32_2.0.0.202105311346/tools/bin/../lib/gcc/arm-none-eabi/9.3.1/../../../../arm-none-eabi/lib/thumb/v7-m/nofp\libm.a
LOAD c:/st/stm32cubeide_1.7.0/stm32cubeide/plugins/com.st.stm32cube.ide.mcu.externaltools.gnu-tools-for-stm32.9-2020-q2-update.win32_2.0.0.202105311346/tools/bin/../lib/gcc/arm-none-eabi/9.3.1/thumb/v7-m/nofp\libgcc.a

.debug_info     0x0000000000000000     0x5507
 .debug_info    0x0000000000000000      0x601 ./Core/App/Thread.o
 .debug_info    0x0000000000000601      0x900 ./Core/Src/can.o
 .debug_info    0x0000000000000f01      0x38f ./Core/Src/gpio.o
 .debug_info    0x0000000000001290      0x337 ./Core/Src/main.o
 .debug_info    0x00000000000015c7      0x2fc ./Core/Src/stm32f1xx_hal_msp.o
 .debug_info    0x00000000000018c3      0x610 ./Core/Src/stm32f1xx_it.o
 .debug_info    0x0000000000001ed3      0x2be ./Core/Src/system_stm32f1xx.o
 .debug_info    0x0000000000002191       0x22 ./Core/Startup/startup_stm32f103cbtx.o
 .debug_info    0x00000000000021b3      0x76a ./Drivers/STM32F1xx_HAL_Driver/stm32f1xx_hal.o
 .debug_info    0x000000000000291d     0x107f ./Drivers/STM32F1xx_HAL_Driver/stm32f1xx_hal_can.o
 .debug_info    0x000000000000399c      0xbdc ./Drivers/STM32F1xx_HAL_Driver/stm32f1xx_hal_cortex.o
 .debug_info    0x0000000000004578      0x701 ./Drivers/STM32F1xx_HAL_Driver/stm32f1xx_hal_gpio.o
 .debug_info    0x0000000000004c79      0x88e ./Drivers/STM32F1xx_HAL_Driver/stm32f1xx_hal_rcc.o

.debug_abbrev   0x0000000000000000     0x1627
 .debug_abbrev  0x0000000000000000      0x20a ./Core/App/Thread.o
 .debug_abbrev  0x000000000000020a      0x1ef ./Core/Src/can.o
 .debug_abbrev  0x00000000000003f9      0x14e ./Core/Src/gpio.o
 .debug_abbrev  0x0000000000000547      0x165 ./Core/Src/main.o
 .debug_abbrev  0x00000000000006ac      0x11d ./Core/Src/stm32f1xx_hal_msp.o
 .debug_abbrev  0x00000000000007c9      0x16e ./Core/Src/stm32f1xx_it.o
 .debug_abbrev  0x0000000000000937      0x14e ./Core/Src/system_stm32f1xx.o
 .debug_abbrev  0x0000000000000a85       0x12 ./Core/Startup/startup_stm32f103cbtx.o
 .debug_abbrev  0x0000000000000a97      0x1ed ./Drivers/STM32F1xx_HAL_Driver/stm32f1xx_hal.o
 .debug_abbrev  0x0000000000000c84      0x235 ./Drivers/STM32F1xx_HAL_Driver/stm32f1xx_hal_can.o
 .debug_abbrev  0x0000000000000eb9      0x313 ./Drivers/STM32F1xx_HAL_Driver/stm32f1xx_hal_cortex.o
 .debug_abbrev  0x00000000000011cc      0x1e8 ./Drivers/STM32F1xx_HAL_Driver/stm32f1xx_hal_gpio.o
 .debug_abbrev  0x00000000000013b4      0x273 ./Drivers/STM32F1xx_HAL_Driver/stm32f1xx_hal_rcc.o

.debug_aranges  0x0000000000000000      0x5a8
 .debug_aranges
                0x0000000000000000       0x50 ./Core/App/Thread.o
 .debug_aranges
                0x0000000000000050       0x30 ./Core/Src/can.o
 .debug_aranges
                0x0000000000000080       0x20 ./Core/Src/gpio.o
 .debug_aranges
                0x00000000000000a0       0x30 ./Core/Src/main.o
 .debug_aranges
                0x00000000000000d0       0x20 ./Core/Src/stm32f1xx_hal_msp.o
 .debug_aranges
                0x00000000000000f0       0x68 ./Core/Src/stm32f1xx_it.o
 .debug_aranges
                0x0000000000000158       0x28 ./Core/Src/system_stm32f1xx.o
 .debug_aranges
                0x0000000000000180       0x28 ./Core/Startup/startup_stm32f103cbtx.o
 .debug_aranges
                0x00000000000001a8       0xe0 ./Drivers/STM32F1xx_HAL_Driver/stm32f1xx_hal.o
 .debug_aranges
                0x0000000000000288      0x138 ./Drivers/STM32F1xx_HAL_Driver/stm32f1xx_hal_can.o
 .debug_aranges
                0x00000000000003c0      0x100 ./Drivers/STM32F1xx_HAL_Driver/stm32f1xx_hal_cortex.o
 .debug_aranges
                0x00000000000004c0       0x58 ./Drivers/STM32F1xx_HAL_Driver/stm32f1xx_hal_gpio.o
 .debug_aranges
                0x0000000000000518       0x90 ./Drivers/STM32F1xx_HAL_Driver/stm32f1xx_hal_rcc.o

.debug_ranges   0x0000000000000000      0x4e0
 .debug_ranges  0x0000000000000000       0x40 ./Core/App/Thread.o
 .debug_ranges  0x0000000000000040       0x20 ./Core/Src/can.o
 .debug_ranges  0x0000000000000060       0x10 ./Core/Src/gpio.o
 .debug_ranges  0x0000000000000070       0x20 ./Core/Src/main.o
 .debug_ranges  0x0000000000000090       0x10 ./Core/Src/stm32f1xx_hal_msp.o
 .debug_ranges  0x00000000000000a0       0x58 ./Core/Src/stm32f1xx_it.o
 .debug_ranges  0x00000000000000f8       0x18 ./Core/Src/system_stm32f1xx.o
 .debug_ranges  0x0000000000000110       0x20 ./Core/Startup/startup_stm32f103cbtx.o
 .debug_ranges  0x0000000000000130       0xd0 ./Drivers/STM32F1xx_HAL_Driver/stm32f1xx_hal.o
 .debug_ranges  0x0000000000000200      0x128 ./Drivers/STM32F1xx_HAL_Driver/stm32f1xx_hal_can.o
 .debug_ranges  0x0000000000000328       0xf0 ./Drivers/STM32F1xx_HAL_Driver/stm32f1xx_hal_cortex.o
 .debug_ranges  0x0000000000000418       0x48 ./Drivers/STM32F1xx_HAL_Driver/stm32f1xx_hal_gpio.o
 .debug_ranges  0x0000000000000460       0x80 ./Drivers/STM32F1xx_HAL_Driver/stm32f1xx_hal_rcc.o

.debug_macro    0x0000000000000000    0x17e36
 .debug_macro   0x0000000000000000      0x1b0 ./Core/App/Thread.o
 .debug_macro   0x00000000000001b0      0xb74 ./Core/App/Thread.o
 .debug_macro   0x0000000000000d24      0x215 ./Core/App/Thread.o
 .debug_macro   0x0000000000000f39       0x2e ./Core/App/Thread.o
 .debug_macro   0x0000000000000f67       0x22 ./Core/App/Thread.o
 .debug_macro   0x0000000000000f89       0x1c ./Core/App/Thread.o
 .debug_macro   0x0000000000000fa5       0x22 ./Core/App/Thread.o
 .debug_macro   0x0000000000000fc7       0x8e ./Core/App/Thread.o
 .debug_macro   0x0000000000001055       0x51 ./Core/App/Thread.o
 .debug_macro   0x00000000000010a6      0x103 ./Core/App/Thread.o
 .debug_macro   0x00000000000011a9       0x6a ./Core/App/Thread.o
 .debug_macro   0x0000000000001213      0x1df ./Core/App/Thread.o
 .debug_macro   0x00000000000013f2       0x1c ./Core/App/Thread.o
 .debug_macro   0x000000000000140e       0x22 ./Core/App/Thread.o
 .debug_macro   0x0000000000001430       0xc3 ./Core/App/Thread.o
 .debug_macro   0x00000000000014f3      0xd23 ./Core/App/Thread.o
 .debug_macro   0x0000000000002216     0xe09e ./Core/App/Thread.o
 .debug_macro   0x00000000000102b4       0x6d ./Core/App/Thread.o
 .debug_macro   0x0000000000010321     0x3468 ./Core/App/Thread.o
 .debug_macro   0x0000000000013789      0x17b ./Core/App/Thread.o
 .debug_macro   0x0000000000013904       0x5c ./Core/App/Thread.o
 .debug_macro   0x0000000000013960      0x5be ./Core/App/Thread.o
 .debug_macro   0x0000000000013f1e      0x289 ./Core/App/Thread.o
 .debug_macro   0x00000000000141a7      0x1cb ./Core/App/Thread.o
 .debug_macro   0x0000000000014372      0x114 ./Core/App/Thread.o
 .debug_macro   0x0000000000014486      0x1b2 ./Core/App/Thread.o
 .debug_macro   0x0000000000014638       0x27 ./Core/App/Thread.o
 .debug_macro   0x000000000001465f      0x136 ./Core/App/Thread.o
 .debug_macro   0x0000000000014795      0x1bc ./Core/App/Thread.o
 .debug_macro   0x0000000000014951       0x34 ./Core/App/Thread.o
 .debug_macro   0x0000000000014985       0x3c ./Core/App/Thread.o
 .debug_macro   0x00000000000149c1      0x408 ./Core/App/Thread.o
 .debug_macro   0x0000000000014dc9       0x57 ./Core/App/Thread.o
 .debug_macro   0x0000000000014e20       0x88 ./Core/App/Thread.o
 .debug_macro   0x0000000000014ea8      0x241 ./Core/App/Thread.o
 .debug_macro   0x00000000000150e9      0x141 ./Core/App/Thread.o
 .debug_macro   0x000000000001522a       0x83 ./Core/App/Thread.o
 .debug_macro   0x00000000000152ad       0x1c ./Core/App/Thread.o
 .debug_macro   0x00000000000152c9      0x1a7 ./Core/Src/can.o
 .debug_macro   0x0000000000015470      0xa9c ./Core/Src/can.o
 .debug_macro   0x0000000000015f0c      0xd23 ./Core/Src/can.o
 .debug_macro   0x0000000000016c2f      0x174 ./Core/Src/can.o
 .debug_macro   0x0000000000016da3      0x1a7 ./Core/Src/gpio.o
 .debug_macro   0x0000000000016f4a      0x1ab ./Core/Src/main.o
 .debug_macro   0x00000000000170f5      0x19d ./Core/Src/stm32f1xx_hal_msp.o
 .debug_macro   0x0000000000017292      0x1a7 ./Core/Src/stm32f1xx_it.o
 .debug_macro   0x0000000000017439      0x18e ./Core/Src/system_stm32f1xx.o
 .debug_macro   0x00000000000175c7      0x1b2 ./Drivers/STM32F1xx_HAL_Driver/stm32f1xx_hal.o
 .debug_macro   0x0000000000017779      0x196 ./Drivers/STM32F1xx_HAL_Driver/stm32f1xx_hal_can.o
 .debug_macro   0x000000000001790f      0x18e ./Drivers/STM32F1xx_HAL_Driver/stm32f1xx_hal_cortex.o
 .debug_macro   0x0000000000017a9d      0x1f9 ./Drivers/STM32F1xx_HAL_Driver/stm32f1xx_hal_gpio.o
 .debug_macro   0x0000000000017c96      0x1a0 ./Drivers/STM32F1xx_HAL_Driver/stm32f1xx_hal_rcc.o

.debug_line     0x0000000000000000     0x78cc
 .debug_line    0x0000000000000000      0x8f3 ./Core/App/Thread.o
 .debug_line    0x00000000000008f3      0x7c1 ./Core/Src/can.o
 .debug_line    0x00000000000010b4      0x759 ./Core/Src/gpio.o
 .debug_line    0x000000000000180d      0x7c2 ./Core/Src/main.o
 .debug_line    0x0000000000001fcf      0x74c ./Core/Src/stm32f1xx_hal_msp.o
 .debug_line    0x000000000000271b      0x825 ./Core/Src/stm32f1xx_it.o
 .debug_line    0x0000000000002f40      0x7c9 ./Core/Src/system_stm32f1xx.o
 .debug_line    0x0000000000003709       0x87 ./Core/Startup/startup_stm32f103cbtx.o
 .debug_line    0x0000000000003790      0xa36 ./Drivers/STM32F1xx_HAL_Driver/stm32f1xx_hal.o
 .debug_line    0x00000000000041c6     0x11d7 ./Drivers/STM32F1xx_HAL_Driver/stm32f1xx_hal_can.o
 .debug_line    0x000000000000539d      0xc1e ./Drivers/STM32F1xx_HAL_Driver/stm32f1xx_hal_cortex.o
 .debug_line    0x0000000000005fbb      0xacd ./Drivers/STM32F1xx_HAL_Driver/stm32f1xx_hal_gpio.o
 .debug_line    0x0000000000006a88      0xe44 ./Drivers/STM32F1xx_HAL_Driver/stm32f1xx_hal_rcc.o

.debug_str      0x0000000000000000    0x7ee7f
 .debug_str     0x0000000000000000    0x7d1be ./Core/App/Thread.o
                                      0x7d505 (size before relaxing)
 .debug_str     0x000000000007d1be      0x77d ./Core/Src/can.o
                                      0x7d41c (size before relaxing)
 .debug_str     0x000000000007d93b       0x48 ./Core/Src/gpio.o
                                      0x7ce7a (size before relaxing)
 .debug_str     0x000000000007d983      0x157 ./Core/Src/main.o
                                      0x7cf19 (size before relaxing)
 .debug_str     0x000000000007dada       0x50 ./Core/Src/stm32f1xx_hal_msp.o
                                      0x7ce30 (size before relaxing)
 .debug_str     0x000000000007db2a       0xbd ./Core/Src/stm32f1xx_it.o
                                      0x7d107 (size before relaxing)
 .debug_str     0x000000000007dbe7       0x52 ./Core/Src/system_stm32f1xx.o
                                      0x7cdbf (size before relaxing)
 .debug_str     0x000000000007dc39       0x36 ./Core/Startup/startup_stm32f103cbtx.o
                                         0x53 (size before relaxing)
 .debug_str     0x000000000007dc6f      0x344 ./Drivers/STM32F1xx_HAL_Driver/stm32f1xx_hal.o
                                      0x7d490 (size before relaxing)
 .debug_str     0x000000000007dfb3      0x5c1 ./Drivers/STM32F1xx_HAL_Driver/stm32f1xx_hal_can.o
                                      0x7d61f (size before relaxing)
 .debug_str     0x000000000007e574      0x318 ./Drivers/STM32F1xx_HAL_Driver/stm32f1xx_hal_cortex.o
                                      0x7d498 (size before relaxing)
 .debug_str     0x000000000007e88c      0x364 ./Drivers/STM32F1xx_HAL_Driver/stm32f1xx_hal_gpio.o
                                      0x7d1c3 (size before relaxing)
 .debug_str     0x000000000007ebf0      0x28f ./Drivers/STM32F1xx_HAL_Driver/stm32f1xx_hal_rcc.o
                                      0x7d1fc (size before relaxing)

.comment        0x0000000000000000       0x53
 .comment       0x0000000000000000       0x53 ./Core/App/Thread.o
                                         0x54 (size before relaxing)
 .comment       0x0000000000000053       0x54 ./Core/Src/can.o
 .comment       0x0000000000000053       0x54 ./Core/Src/gpio.o
 .comment       0x0000000000000053       0x54 ./Core/Src/main.o
 .comment       0x0000000000000053       0x54 ./Core/Src/stm32f1xx_hal_msp.o
 .comment       0x0000000000000053       0x54 ./Core/Src/stm32f1xx_it.o
 .comment       0x0000000000000053       0x54 ./Core/Src/system_stm32f1xx.o
 .comment       0x0000000000000053       0x54 ./Drivers/STM32F1xx_HAL_Driver/stm32f1xx_hal.o
 .comment       0x0000000000000053       0x54 ./Drivers/STM32F1xx_HAL_Driver/stm32f1xx_hal_can.o
 .comment       0x0000000000000053       0x54 ./Drivers/STM32F1xx_HAL_Driver/stm32f1xx_hal_cortex.o
 .comment       0x0000000000000053       0x54 ./Drivers/STM32F1xx_HAL_Driver/stm32f1xx_hal_gpio.o
 .comment       0x0000000000000053       0x54 ./Drivers/STM32F1xx_HAL_Driver/stm32f1xx_hal_rcc.o

.debug_frame    0x0000000000000000     0x149c
 .debug_frame   0x0000000000000000      0x12c ./Core/App/Thread.o
 .debug_frame   0x000000000000012c       0x74 ./Core/Src/can.o
 .debug_frame   0x00000000000001a0       0x34 ./Core/Src/gpio.o
 .debug_frame   0x00000000000001d4       0x68 ./Core/Src/main.o
 .debug_frame   0x000000000000023c       0x38 ./Core/Src/stm32f1xx_hal_msp.o
 .debug_frame   0x0000000000000274      0x120 ./Core/Src/stm32f1xx_it.o
 .debug_frame   0x0000000000000394       0x58 ./Core/Src/system_stm32f1xx.o
 .debug_frame   0x00000000000003ec      0x334 ./Drivers/STM32F1xx_HAL_Driver/stm32f1xx_hal.o
 .debug_frame   0x0000000000000720      0x5a0 ./Drivers/STM32F1xx_HAL_Driver/stm32f1xx_hal_can.o
 .debug_frame   0x0000000000000cc0      0x428 ./Drivers/STM32F1xx_HAL_Driver/stm32f1xx_hal_cortex.o
 .debug_frame   0x00000000000010e8      0x14c ./Drivers/STM32F1xx_HAL_Driver/stm32f1xx_hal_gpio.o
 .debug_frame   0x0000000000001234      0x21c ./Drivers/STM32F1xx_HAL_Driver/stm32f1xx_hal_rcc.o
 .debug_frame   0x0000000000001450       0x2c c:/st/stm32cubeide_1.7.0/stm32cubeide/plugins/com.st.stm32cube.ide.mcu.externaltools.gnu-tools-for-stm32.9-2020-q2-update.win32_2.0.0.202105311346/tools/bin/../lib/gcc/arm-none-eabi/9.3.1/../../../../arm-none-eabi/lib/thumb/v7-m/nofp\libc_nano.a(lib_a-init.o)
 .debug_frame   0x000000000000147c       0x20 c:/st/stm32cubeide_1.7.0/stm32cubeide/plugins/com.st.stm32cube.ide.mcu.externaltools.gnu-tools-for-stm32.9-2020-q2-update.win32_2.0.0.202105311346/tools/bin/../lib/gcc/arm-none-eabi/9.3.1/../../../../arm-none-eabi/lib/thumb/v7-m/nofp\libc_nano.a(lib_a-memset.o)
